
> webarmonium-frontend@1.0.0 test
> jest tests/unit/GestureProcessor.test.js

  console.log
    🔧 GESTURE PROCESSOR - Before sendGesture: {
      hasCoordinates: true,
      coordinates: { x: 0.5, y: 0.5 },
      hasPosition: true,
      position: { x: 0.5, y: 0.5 },
      gestureAction: undefined
    }

      at GestureProcessor.processGesture (src/services/GestureProcessor.js:69:13)

  console.log
    🔍 Simplified gesture classification: { duration: 100, size: 0.02, direction: undefined }

      at GestureProcessor.determineGestureAction (src/services/GestureProcessor.js:391:13)

  console.log
    🔍 TAP - very short and small

      at GestureProcessor.determineGestureAction (src/services/GestureProcessor.js:399:15)

  console.log
    🔍 Determined gesture action: tap from gesture.action: undefined

      at GestureProcessor.processGesture (src/services/GestureProcessor.js:91:13)

  console.log
    🎯 TAP branch - calling processClickGesture

      at GestureProcessor.processGesture (src/services/GestureProcessor.js:112:15)

  console.log
    🎵 Processing TAP gesture - single note

      at GestureProcessor.processClickGesture (src/services/GestureProcessor.js:133:13)

  console.log
    🎵 TAP gesture ID: tap-123 call count: 1

      at GestureProcessor.processClickGesture (src/services/GestureProcessor.js:134:13)

  console.log
    🎵 Playing CLICK note: 660.0Hz (y=0.50, x=0.50), tier: remote

      at GestureProcessor.processClickGesture (src/services/GestureProcessor.js:145:15)

  console.log
    🔍 TAP intensity check: {
      gestureIntensity: 0.7,
      sonicIntensity: 0.7,
      positionX: 0.5,
      positionY: 0.5
    }

      at GestureProcessor.processClickGesture (src/services/GestureProcessor.js:149:15)

  console.log
    🎵 DIRECT TAP note: 660.0Hz (y=0.50, x=0.50), tier: remote

      at GestureProcessor.processClickGesture (src/services/GestureProcessor.js:182:17)

  console.log
    🔧 GESTURE PROCESSOR - Before sendGesture: {
      hasCoordinates: true,
      coordinates: { x: 0.5, y: 0.5 },
      hasPosition: true,
      position: { x: 0.5, y: 0.5 },
      gestureAction: undefined
    }

      at GestureProcessor.processGesture (src/services/GestureProcessor.js:69:13)

  console.log
    🎵 Gesture captured but audio not started

      at GestureProcessor.processGesture (src/services/GestureProcessor.js:82:15)

  console.log
    🔧 GESTURE PROCESSOR - Before sendGesture: {
      hasCoordinates: true,
      coordinates: { x: 0.5, y: 0.5 },
      hasPosition: true,
      position: { x: 0.5, y: 0.5 },
      gestureAction: undefined
    }

      at GestureProcessor.processGesture (src/services/GestureProcessor.js:69:13)

  console.log
    🎵 Gesture captured but audio not started

      at GestureProcessor.processGesture (src/services/GestureProcessor.js:82:15)

  console.log
    🔧 GESTURE PROCESSOR - Before sendGesture: {
      hasCoordinates: true,
      coordinates: { x: 0.5, y: 0.5 },
      hasPosition: true,
      position: { x: 0.5, y: 0.5 },
      gestureAction: 'tap'
    }

      at GestureProcessor.processGesture (src/services/GestureProcessor.js:69:13)

  console.log
    🔍 Determined gesture action: tap from gesture.action: tap

      at GestureProcessor.processGesture (src/services/GestureProcessor.js:91:13)

  console.log
    🎯 TAP branch - calling processClickGesture

      at GestureProcessor.processGesture (src/services/GestureProcessor.js:112:15)

  console.log
    🎵 Processing TAP gesture - single note

      at GestureProcessor.processClickGesture (src/services/GestureProcessor.js:133:13)

  console.log
    🎵 TAP gesture ID: tap-123 call count: 1

      at GestureProcessor.processClickGesture (src/services/GestureProcessor.js:134:13)

  console.log
    🎵 Playing CLICK note: 660.0Hz (y=0.50, x=0.50), tier: remote

      at GestureProcessor.processClickGesture (src/services/GestureProcessor.js:145:15)

  console.log
    🔍 TAP intensity check: {
      gestureIntensity: 0.7,
      sonicIntensity: 0.7,
      positionX: 0.5,
      positionY: 0.5
    }

      at GestureProcessor.processClickGesture (src/services/GestureProcessor.js:149:15)

  console.log
    🎵 DIRECT TAP note: 660.0Hz (y=0.50, x=0.50), tier: remote

      at GestureProcessor.processClickGesture (src/services/GestureProcessor.js:182:17)

  console.log
    🔧 GESTURE PROCESSOR - Before sendGesture: {
      hasCoordinates: true,
      coordinates: { x: 0.6, y: 0.4 },
      hasPosition: true,
      position: { x: 0.6, y: 0.4 },
      gestureAction: 'drag'
    }

      at GestureProcessor.processGesture (src/services/GestureProcessor.js:69:13)

  console.log
    🔍 Determined gesture action: drag from gesture.action: drag

      at GestureProcessor.processGesture (src/services/GestureProcessor.js:91:13)

  console.log
    🎯 DRAG branch - IMMEDIATE processing (no setTimeout)

      at GestureProcessor.processGesture (src/services/GestureProcessor.js:118:15)

  console.log
    🎵 Processing DRAG gesture - musical phrase

      at GestureProcessor.processDragGesture (src/services/GestureProcessor.js:193:13)

  console.log
    🎵 Drag details: { velocity: 150, dx: 0.2, dy: 0.1, position: { x: 0.6, y: 0.4 } }

      at GestureProcessor.processDragGesture (src/services/GestureProcessor.js:194:13)

  console.log
    🎼 Local: dorian valley, 5 notes

      at GestureProcessor.createLocalPhrase (src/services/GestureProcessor.js:317:13)

  console.log
    🎵 Generated local phrase with 5 notes

      at GestureProcessor.generateLocalMusicalPhrase (src/services/GestureProcessor.js:250:15)

  console.log
    🔧 GESTURE PROCESSOR - Before sendGesture: {
      hasCoordinates: true,
      coordinates: { x: 0.5, y: 0.5 },
      hasPosition: true,
      position: { x: 0.5, y: 0.5 },
      gestureAction: 'tap'
    }

      at GestureProcessor.processGesture (src/services/GestureProcessor.js:69:13)

  console.log
    🔍 Determined gesture action: tap from gesture.action: tap

      at GestureProcessor.processGesture (src/services/GestureProcessor.js:91:13)

  console.log
    🎯 TAP branch - calling processClickGesture

      at GestureProcessor.processGesture (src/services/GestureProcessor.js:112:15)

  console.log
    🎵 Processing TAP gesture - single note

      at GestureProcessor.processClickGesture (src/services/GestureProcessor.js:133:13)

  console.log
    🎵 TAP gesture ID: tap-123 call count: 1

      at GestureProcessor.processClickGesture (src/services/GestureProcessor.js:134:13)

  console.log
    🎵 Playing CLICK note: 660.0Hz (y=0.50, x=0.50), tier: remote

      at GestureProcessor.processClickGesture (src/services/GestureProcessor.js:145:15)

  console.log
    🔍 TAP intensity check: {
      gestureIntensity: 0.7,
      sonicIntensity: 0.7,
      positionX: 0.5,
      positionY: 0.5
    }

      at GestureProcessor.processClickGesture (src/services/GestureProcessor.js:149:15)

  console.log
    🎵 DIRECT TAP note: 660.0Hz (y=0.50, x=0.50), tier: remote

      at GestureProcessor.processClickGesture (src/services/GestureProcessor.js:182:17)

  console.log
    🔧 GESTURE PROCESSOR - Before sendGesture: {
      hasCoordinates: true,
      coordinates: { x: 0.5, y: 0.5 },
      hasPosition: true,
      position: { x: 0.5, y: 0.5 },
      gestureAction: undefined
    }

      at GestureProcessor.processGesture (src/services/GestureProcessor.js:69:13)

  console.log
    🔍 Simplified gesture classification: { duration: 100, size: 0.02, direction: undefined }

      at GestureProcessor.determineGestureAction (src/services/GestureProcessor.js:391:13)

  console.log
    🔍 TAP - very short and small

      at GestureProcessor.determineGestureAction (src/services/GestureProcessor.js:399:15)

  console.log
    🔍 Determined gesture action: tap from gesture.action: undefined

      at GestureProcessor.processGesture (src/services/GestureProcessor.js:91:13)

  console.log
    🎯 TAP branch - calling processClickGesture

      at GestureProcessor.processGesture (src/services/GestureProcessor.js:112:15)

  console.log
    🎵 Processing TAP gesture - single note

      at GestureProcessor.processClickGesture (src/services/GestureProcessor.js:133:13)

  console.log
    🎵 TAP gesture ID: tap-123 call count: 1

      at GestureProcessor.processClickGesture (src/services/GestureProcessor.js:134:13)

  console.log
    🎵 Playing CLICK note: 660.0Hz (y=0.50, x=0.50), tier: remote

      at GestureProcessor.processClickGesture (src/services/GestureProcessor.js:145:15)

  console.log
    🔍 TAP intensity check: {
      gestureIntensity: 0.7,
      sonicIntensity: 0.7,
      positionX: 0.5,
      positionY: 0.5
    }

      at GestureProcessor.processClickGesture (src/services/GestureProcessor.js:149:15)

  console.log
    🎵 DIRECT TAP note: 660.0Hz (y=0.50, x=0.50), tier: remote

      at GestureProcessor.processClickGesture (src/services/GestureProcessor.js:182:17)

  console.log
    🔧 GESTURE PROCESSOR - Before sendGesture: {
      hasCoordinates: true,
      coordinates: { x: 0.6, y: 0.4 },
      hasPosition: true,
      position: { x: 0.6, y: 0.4 },
      gestureAction: 'drag'
    }

      at GestureProcessor.processGesture (src/services/GestureProcessor.js:69:13)

  console.log
    🔍 Determined gesture action: drag from gesture.action: drag

      at GestureProcessor.processGesture (src/services/GestureProcessor.js:91:13)

  console.log
    🎯 DRAG branch - IMMEDIATE processing (no setTimeout)

      at GestureProcessor.processGesture (src/services/GestureProcessor.js:118:15)

  console.log
    🎵 Processing DRAG gesture - musical phrase

      at GestureProcessor.processDragGesture (src/services/GestureProcessor.js:193:13)

  console.log
    🎵 Drag details: { velocity: 150, dx: 0.2, dy: 0.1, position: { x: 0.6, y: 0.4 } }

      at GestureProcessor.processDragGesture (src/services/GestureProcessor.js:194:13)

  console.log
    🎼 Local: dorian valley, 5 notes

      at GestureProcessor.createLocalPhrase (src/services/GestureProcessor.js:317:13)

  console.log
    🎵 Generated local phrase with 5 notes

      at GestureProcessor.generateLocalMusicalPhrase (src/services/GestureProcessor.js:250:15)

  console.log
    🔧 GESTURE PROCESSOR - Before sendGesture: {
      hasCoordinates: true,
      coordinates: { x: 0.6, y: 0.4 },
      hasPosition: true,
      position: { x: 0.6, y: 0.4 },
      gestureAction: 'drag'
    }

      at GestureProcessor.processGesture (src/services/GestureProcessor.js:69:13)

  console.log
    🔍 Determined gesture action: drag from gesture.action: drag

      at GestureProcessor.processGesture (src/services/GestureProcessor.js:91:13)

  console.log
    🎯 DRAG branch - IMMEDIATE processing (no setTimeout)

      at GestureProcessor.processGesture (src/services/GestureProcessor.js:118:15)

  console.log
    🎵 Processing DRAG gesture - musical phrase

      at GestureProcessor.processDragGesture (src/services/GestureProcessor.js:193:13)

  console.log
    🎵 Drag details: { velocity: 150, dx: 0.2, dy: 0.1, position: { x: 0.6, y: 0.4 } }

      at GestureProcessor.processDragGesture (src/services/GestureProcessor.js:194:13)

  console.log
    🚫 Drag phrase throttled - too recent

      at GestureProcessor.processDragGesture (src/services/GestureProcessor.js:204:15)

  console.log
    🔧 GESTURE PROCESSOR - Before sendGesture: {
      hasCoordinates: true,
      coordinates: { x: 0.6, y: 0.4 },
      hasPosition: true,
      position: { x: 0.6, y: 0.4 },
      gestureAction: 'drag'
    }

      at GestureProcessor.processGesture (src/services/GestureProcessor.js:69:13)

  console.log
    🔍 Determined gesture action: drag from gesture.action: drag

      at GestureProcessor.processGesture (src/services/GestureProcessor.js:91:13)

  console.log
    🎯 DRAG branch - IMMEDIATE processing (no setTimeout)

      at GestureProcessor.processGesture (src/services/GestureProcessor.js:118:15)

  console.log
    🎵 Processing DRAG gesture - musical phrase

      at GestureProcessor.processDragGesture (src/services/GestureProcessor.js:193:13)

  console.log
    🎵 Drag details: { velocity: 150, dx: 0.2, dy: 0.1, position: { x: 0.6, y: 0.4 } }

      at GestureProcessor.processDragGesture (src/services/GestureProcessor.js:194:13)

  console.log
    🎼 Local: dorian wave, 5 notes

      at GestureProcessor.createLocalPhrase (src/services/GestureProcessor.js:317:13)

  console.log
    🎵 Generated local phrase with 5 notes

      at GestureProcessor.generateLocalMusicalPhrase (src/services/GestureProcessor.js:250:15)

  console.log
    🔧 GESTURE PROCESSOR - Before sendGesture: {
      hasCoordinates: true,
      coordinates: { x: 0.5, y: 0.5 },
      hasPosition: true,
      position: { x: 0.5, y: 0.5 },
      gestureAction: 'unknown'
    }

      at GestureProcessor.processGesture (src/services/GestureProcessor.js:69:13)

  console.log
    🔍 Determined gesture action: unknown from gesture.action: unknown

      at GestureProcessor.processGesture (src/services/GestureProcessor.js:91:13)

  console.log
    🚯 ELSE branch - calling processGestureByAction for action: unknown

      at GestureProcessor.processGesture (src/services/GestureProcessor.js:122:15)

  console.log
    🚨 FALLBACK gesture processing for action: unknown

      at GestureProcessor.processGestureByAction (src/services/GestureProcessor.js:224:13)

  console.log
    🚨 This should not happen for tap/drag - check logic!

      at GestureProcessor.processGestureByAction (src/services/GestureProcessor.js:225:13)

  console.log
    🔧 GESTURE PROCESSOR - Before sendGesture: {
      hasCoordinates: true,
      coordinates: { x: 0.6, y: 0.4 },
      hasPosition: true,
      position: { x: 0.6, y: 0.4 },
      gestureAction: 'drag'
    }

      at GestureProcessor.processGesture (src/services/GestureProcessor.js:69:13)

  console.log
    🔍 Determined gesture action: drag from gesture.action: drag

      at GestureProcessor.processGesture (src/services/GestureProcessor.js:91:13)

  console.log
    🎯 DRAG branch - IMMEDIATE processing (no setTimeout)

      at GestureProcessor.processGesture (src/services/GestureProcessor.js:118:15)

  console.log
    🎵 Processing DRAG gesture - musical phrase

      at GestureProcessor.processDragGesture (src/services/GestureProcessor.js:193:13)

  console.log
    🎵 Drag details: { velocity: 150, dx: 0.2, dy: 0.1, position: { x: 0.6, y: 0.4 } }

      at GestureProcessor.processDragGesture (src/services/GestureProcessor.js:194:13)

  console.log
    🎼 Local: dorian arch, 5 notes

      at GestureProcessor.createLocalPhrase (src/services/GestureProcessor.js:317:13)

  console.log
    🎵 Generated local phrase with 5 notes

      at GestureProcessor.generateLocalMusicalPhrase (src/services/GestureProcessor.js:250:15)

  console.log
    🔧 GESTURE PROCESSOR - Before sendGesture: {
      hasCoordinates: true,
      coordinates: { x: 0.5, y: 0.5 },
      hasPosition: true,
      position: { x: 0.5, y: 0.5 },
      gestureAction: 'tap'
    }

      at GestureProcessor.processGesture (src/services/GestureProcessor.js:69:13)

  console.log
    🔍 Determined gesture action: tap from gesture.action: tap

      at GestureProcessor.processGesture (src/services/GestureProcessor.js:91:13)

  console.log
    🎯 TAP branch - calling processClickGesture

      at GestureProcessor.processGesture (src/services/GestureProcessor.js:112:15)

  console.log
    🎵 Processing TAP gesture - single note

      at GestureProcessor.processClickGesture (src/services/GestureProcessor.js:133:13)

  console.log
    🎵 TAP gesture ID: tap-123 call count: 1

      at GestureProcessor.processClickGesture (src/services/GestureProcessor.js:134:13)

  console.log
    🎵 Playing CLICK note: 660.0Hz (y=0.50, x=0.50), tier: remote

      at GestureProcessor.processClickGesture (src/services/GestureProcessor.js:145:15)

  console.log
    🔍 TAP intensity check: {
      gestureIntensity: 0.7,
      sonicIntensity: 0.7,
      positionX: 0.5,
      positionY: 0.5
    }

      at GestureProcessor.processClickGesture (src/services/GestureProcessor.js:149:15)

  console.log
    🎵 DIRECT TAP note: 660.0Hz (y=0.50, x=0.50), tier: remote

      at GestureProcessor.processClickGesture (src/services/GestureProcessor.js:182:17)

  console.log
    🔧 GESTURE PROCESSOR - Before sendGesture: {
      hasCoordinates: false,
      coordinates: undefined,
      hasPosition: true,
      position: { x: 0.5, y: 0.5 },
      gestureAction: 'tap'
    }

      at GestureProcessor.processGesture (src/services/GestureProcessor.js:69:13)

  console.log
    🔍 Determined gesture action: tap from gesture.action: tap

      at GestureProcessor.processGesture (src/services/GestureProcessor.js:91:13)

  console.log
    🔍 Simplified gesture classification: { duration: 150, size: 0.03, direction: undefined }

      at GestureProcessor.determineGestureAction (src/services/GestureProcessor.js:391:13)

  console.log
    🔍 TAP - very short and small

      at GestureProcessor.determineGestureAction (src/services/GestureProcessor.js:399:15)

  console.log
    🔍 Simplified gesture classification: { duration: 250, size: 0.03, direction: undefined }

      at GestureProcessor.determineGestureAction (src/services/GestureProcessor.js:391:13)

  console.log
    🔍 DRAG - default musical gesture

      at GestureProcessor.determineGestureAction (src/services/GestureProcessor.js:404:13)

  console.log
    🔍 Simplified gesture classification: { duration: 150, size: 0.06, direction: undefined }

      at GestureProcessor.determineGestureAction (src/services/GestureProcessor.js:391:13)

  console.log
    🔍 DRAG - default musical gesture

      at GestureProcessor.determineGestureAction (src/services/GestureProcessor.js:404:13)

  console.log
    🔍 Simplified gesture classification: { duration: 0, size: 0.03, direction: undefined }

      at GestureProcessor.determineGestureAction (src/services/GestureProcessor.js:391:13)

  console.log
    🔍 TAP - very short and small

      at GestureProcessor.determineGestureAction (src/services/GestureProcessor.js:399:15)

  console.log
    🔍 Simplified gesture classification: { duration: 150, size: 0, direction: undefined }

      at GestureProcessor.determineGestureAction (src/services/GestureProcessor.js:391:13)

  console.log
    🔍 TAP - very short and small

      at GestureProcessor.determineGestureAction (src/services/GestureProcessor.js:399:15)

  console.log
    🔍 Simplified gesture classification: { duration: 0, size: 0.02, direction: undefined }

      at GestureProcessor.determineGestureAction (src/services/GestureProcessor.js:391:13)

  console.log
    🔍 TAP - very short and small

      at GestureProcessor.determineGestureAction (src/services/GestureProcessor.js:399:15)

  console.log
    🔍 Simplified gesture classification: { duration: 199, size: 0.049, direction: undefined }

      at GestureProcessor.determineGestureAction (src/services/GestureProcessor.js:391:13)

  console.log
    🔍 TAP - very short and small

      at GestureProcessor.determineGestureAction (src/services/GestureProcessor.js:399:15)

  console.log
    🔍 Simplified gesture classification: { duration: 200, size: 0.05, direction: undefined }

      at GestureProcessor.determineGestureAction (src/services/GestureProcessor.js:391:13)

  console.log
    🔍 DRAG - default musical gesture

      at GestureProcessor.determineGestureAction (src/services/GestureProcessor.js:404:13)

  console.log
    🎵 Processing TAP gesture - single note

      at GestureProcessor.processClickGesture (src/services/GestureProcessor.js:133:13)

  console.log
    🎵 TAP gesture ID: tap-123 call count: 1

      at GestureProcessor.processClickGesture (src/services/GestureProcessor.js:134:13)

  console.log
    🎵 Playing CLICK note: 660.0Hz (y=0.50, x=0.50), tier: remote

      at GestureProcessor.processClickGesture (src/services/GestureProcessor.js:145:15)

  console.log
    🔍 TAP intensity check: {
      gestureIntensity: 0.7,
      sonicIntensity: 0.7,
      positionX: 0.5,
      positionY: 0.5
    }

      at GestureProcessor.processClickGesture (src/services/GestureProcessor.js:149:15)

  console.log
    🎵 DIRECT TAP note: 660.0Hz (y=0.50, x=0.50), tier: remote

      at GestureProcessor.processClickGesture (src/services/GestureProcessor.js:182:17)

  console.log
    🎵 Processing TAP gesture - single note

      at GestureProcessor.processClickGesture (src/services/GestureProcessor.js:133:13)

  console.log
    🎵 TAP gesture ID: tap-123 call count: 1

      at GestureProcessor.processClickGesture (src/services/GestureProcessor.js:134:13)

  console.log
    🎵 Playing CLICK note: 660.0Hz (y=0.50, x=0.50), tier: remote

      at GestureProcessor.processClickGesture (src/services/GestureProcessor.js:145:15)

  console.log
    🔍 TAP intensity check: {
      gestureIntensity: 0.7,
      sonicIntensity: 0.7,
      positionX: 0.5,
      positionY: 0.5
    }

      at GestureProcessor.processClickGesture (src/services/GestureProcessor.js:149:15)

  console.log
    🎵 DIRECT TAP note: 660.0Hz (y=0.50, x=0.50), tier: remote

      at GestureProcessor.processClickGesture (src/services/GestureProcessor.js:182:17)

  console.log
    🎵 Processing TAP gesture - single note

      at GestureProcessor.processClickGesture (src/services/GestureProcessor.js:133:13)
          at Array.forEach (<anonymous>)

  console.log
    🎵 TAP gesture ID: tap-123 call count: 1

      at GestureProcessor.processClickGesture (src/services/GestureProcessor.js:134:13)
          at Array.forEach (<anonymous>)

  console.log
    🎵 Playing CLICK note: 550.0Hz (y=0.00, x=0.00), tier: background

      at GestureProcessor.processClickGesture (src/services/GestureProcessor.js:145:15)
          at Array.forEach (<anonymous>)

  console.log
    🔍 TAP intensity check: {
      gestureIntensity: 0.7,
      sonicIntensity: 0.7,
      positionX: 0,
      positionY: 0
    }

      at GestureProcessor.processClickGesture (src/services/GestureProcessor.js:149:15)
          at Array.forEach (<anonymous>)

  console.log
    🎵 DIRECT TAP note: 550.0Hz (y=0.00, x=0.00), tier: background

      at GestureProcessor.processClickGesture (src/services/GestureProcessor.js:182:17)
          at Array.forEach (<anonymous>)

  console.log
    🎵 Processing TAP gesture - single note

      at GestureProcessor.processClickGesture (src/services/GestureProcessor.js:133:13)

  console.log
    🎵 TAP gesture ID: tap-123 call count: 1

      at GestureProcessor.processClickGesture (src/services/GestureProcessor.js:134:13)

  console.log
    🎵 Playing CLICK note: 660.0Hz (y=0.50, x=0.50), tier: remote

      at GestureProcessor.processClickGesture (src/services/GestureProcessor.js:145:15)

  console.log
    🔍 TAP intensity check: {
      gestureIntensity: 0.7,
      sonicIntensity: 0.7,
      positionX: 0.5,
      positionY: 0.5
    }

      at GestureProcessor.processClickGesture (src/services/GestureProcessor.js:149:15)

  console.log
    🎵 DIRECT TAP note: 660.0Hz (y=0.50, x=0.50), tier: remote

      at GestureProcessor.processClickGesture (src/services/GestureProcessor.js:182:17)

  console.log
    🎵 Processing TAP gesture - single note

      at GestureProcessor.processClickGesture (src/services/GestureProcessor.js:133:13)

  console.log
    🎵 TAP gesture ID: tap-123 call count: 1

      at GestureProcessor.processClickGesture (src/services/GestureProcessor.js:134:13)

  console.log
    🎵 Playing CLICK note: 660.0Hz (y=0.50, x=0.50), tier: remote

      at GestureProcessor.processClickGesture (src/services/GestureProcessor.js:145:15)

  console.log
    🔍 TAP intensity check: {
      gestureIntensity: 0.7,
      sonicIntensity: 0.7,
      positionX: 0.5,
      positionY: 0.5
    }

      at GestureProcessor.processClickGesture (src/services/GestureProcessor.js:149:15)

  console.log
    🎵 DIRECT TAP note: 660.0Hz (y=0.50, x=0.50), tier: remote

      at GestureProcessor.processClickGesture (src/services/GestureProcessor.js:182:17)

  console.log
    🎵 Processing TAP gesture - single note

      at GestureProcessor.processClickGesture (src/services/GestureProcessor.js:133:13)
          at Array.forEach (<anonymous>)

  console.log
    🎵 TAP gesture ID: tap-123 call count: 1

      at GestureProcessor.processClickGesture (src/services/GestureProcessor.js:134:13)
          at Array.forEach (<anonymous>)

  console.log
    🎵 Playing CLICK note: 462.0Hz (y=0.50, x=0.20), tier: background

      at GestureProcessor.processClickGesture (src/services/GestureProcessor.js:145:15)
          at Array.forEach (<anonymous>)

  console.log
    🔍 TAP intensity check: {
      gestureIntensity: 0.7,
      sonicIntensity: 0.7,
      positionX: 0.2,
      positionY: 0.5
    }

      at GestureProcessor.processClickGesture (src/services/GestureProcessor.js:149:15)
          at Array.forEach (<anonymous>)

  console.log
    🎵 DIRECT TAP note: 462.0Hz (y=0.50, x=0.20), tier: background

      at GestureProcessor.processClickGesture (src/services/GestureProcessor.js:182:17)
          at Array.forEach (<anonymous>)

  console.log
    🎵 Processing TAP gesture - single note

      at GestureProcessor.processClickGesture (src/services/GestureProcessor.js:133:13)
          at Array.forEach (<anonymous>)

  console.log
    🎵 TAP gesture ID: tap-123 call count: 2

      at GestureProcessor.processClickGesture (src/services/GestureProcessor.js:134:13)
          at Array.forEach (<anonymous>)

  console.log
    🎵 Playing CLICK note: 660.0Hz (y=0.50, x=0.50), tier: remote

      at GestureProcessor.processClickGesture (src/services/GestureProcessor.js:145:15)
          at Array.forEach (<anonymous>)

  console.log
    🔍 TAP intensity check: {
      gestureIntensity: 0.7,
      sonicIntensity: 0.7,
      positionX: 0.5,
      positionY: 0.5
    }

      at GestureProcessor.processClickGesture (src/services/GestureProcessor.js:149:15)
          at Array.forEach (<anonymous>)

  console.log
    🎵 DIRECT TAP note: 660.0Hz (y=0.50, x=0.50), tier: remote

      at GestureProcessor.processClickGesture (src/services/GestureProcessor.js:182:17)
          at Array.forEach (<anonymous>)

  console.log
    🎵 Processing TAP gesture - single note

      at GestureProcessor.processClickGesture (src/services/GestureProcessor.js:133:13)
          at Array.forEach (<anonymous>)

  console.log
    🎵 TAP gesture ID: tap-123 call count: 3

      at GestureProcessor.processClickGesture (src/services/GestureProcessor.js:134:13)
          at Array.forEach (<anonymous>)

  console.log
    🎵 Playing CLICK note: 858.0Hz (y=0.50, x=0.80), tier: local

      at GestureProcessor.processClickGesture (src/services/GestureProcessor.js:145:15)
          at Array.forEach (<anonymous>)

  console.log
    🔍 TAP intensity check: {
      gestureIntensity: 0.7,
      sonicIntensity: 0.7,
      positionX: 0.8,
      positionY: 0.5
    }

      at GestureProcessor.processClickGesture (src/services/GestureProcessor.js:149:15)
          at Array.forEach (<anonymous>)

  console.log
    🎵 DIRECT TAP note: 858.0Hz (y=0.50, x=0.80), tier: local

      at GestureProcessor.processClickGesture (src/services/GestureProcessor.js:182:17)
          at Array.forEach (<anonymous>)

  console.log
    🎵 Processing TAP gesture - single note

      at GestureProcessor.processClickGesture (src/services/GestureProcessor.js:133:13)

  console.log
    🎵 TAP gesture ID: tap-123 call count: 1

      at GestureProcessor.processClickGesture (src/services/GestureProcessor.js:134:13)

  console.log
    🎵 Playing CLICK note: 660.0Hz (y=0.50, x=0.50), tier: remote

      at GestureProcessor.processClickGesture (src/services/GestureProcessor.js:145:15)

  console.log
    🔍 TAP intensity check: {
      gestureIntensity: 0.7,
      sonicIntensity: 0.7,
      positionX: 0.5,
      positionY: 0.5
    }

      at GestureProcessor.processClickGesture (src/services/GestureProcessor.js:149:15)

  console.log
    🎵 DIRECT TAP note: 660.0Hz (y=0.50, x=0.50), tier: remote

      at GestureProcessor.processClickGesture (src/services/GestureProcessor.js:182:17)

  console.log
    🎵 Processing TAP gesture - single note

      at GestureProcessor.processClickGesture (src/services/GestureProcessor.js:133:13)

  console.log
    🎵 TAP gesture ID: tap-123 call count: 1

      at GestureProcessor.processClickGesture (src/services/GestureProcessor.js:134:13)

  console.log
    🎵 Playing CLICK note: 660.0Hz (y=0.50, x=0.50), tier: remote

      at GestureProcessor.processClickGesture (src/services/GestureProcessor.js:145:15)

  console.log
    🔍 TAP intensity check: {
      gestureIntensity: 0.7,
      sonicIntensity: 0.7,
      positionX: 0.5,
      positionY: 0.5
    }

      at GestureProcessor.processClickGesture (src/services/GestureProcessor.js:149:15)

  console.log
    🎵 DIRECT TAP note: 660.0Hz (y=0.50, x=0.50), tier: remote

      at GestureProcessor.processClickGesture (src/services/GestureProcessor.js:182:17)

  console.log
    🎵 Processing TAP gesture - single note

      at GestureProcessor.processClickGesture (src/services/GestureProcessor.js:133:13)

  console.log
    🎵 TAP gesture ID: tap-123 call count: 1

      at GestureProcessor.processClickGesture (src/services/GestureProcessor.js:134:13)

  console.log
    🎵 Playing CLICK note: 660.0Hz (y=0.50, x=0.50), tier: remote

      at GestureProcessor.processClickGesture (src/services/GestureProcessor.js:145:15)

  console.log
    🔍 TAP intensity check: {
      gestureIntensity: 0.7,
      sonicIntensity: 0.7,
      positionX: 0.5,
      positionY: 0.5
    }

      at GestureProcessor.processClickGesture (src/services/GestureProcessor.js:149:15)

  console.log
    🎵 DIRECT TAP note: 660.0Hz (y=0.50, x=0.50), tier: remote

      at GestureProcessor.processClickGesture (src/services/GestureProcessor.js:182:17)

  console.log
    🎵 Processing TAP gesture - single note

      at GestureProcessor.processClickGesture (src/services/GestureProcessor.js:133:13)

  console.log
    🎵 TAP gesture ID: tap-123 call count: 1

      at GestureProcessor.processClickGesture (src/services/GestureProcessor.js:134:13)

  console.log
    🎵 Processing DRAG gesture - musical phrase

      at GestureProcessor.processDragGesture (src/services/GestureProcessor.js:193:13)

  console.log
    🎵 Drag details: { velocity: 150, dx: 0.2, dy: 0.1, position: { x: 0.6, y: 0.4 } }

      at GestureProcessor.processDragGesture (src/services/GestureProcessor.js:194:13)

  console.log
    🎼 Local: dorian wave, 5 notes

      at GestureProcessor.createLocalPhrase (src/services/GestureProcessor.js:317:13)

  console.log
    🎵 Generated local phrase with 5 notes

      at GestureProcessor.generateLocalMusicalPhrase (src/services/GestureProcessor.js:250:15)

  console.log
    🎵 Processing DRAG gesture - musical phrase

      at GestureProcessor.processDragGesture (src/services/GestureProcessor.js:193:13)

  console.log
    🎵 Drag details: { velocity: 150, dx: 0.2, dy: 0.1, position: { x: 0.6, y: 0.4 } }

      at GestureProcessor.processDragGesture (src/services/GestureProcessor.js:194:13)

  console.log
    🎼 Local: dorian wave, 5 notes

      at GestureProcessor.createLocalPhrase (src/services/GestureProcessor.js:317:13)

  console.log
    🎵 Generated local phrase with 5 notes

      at GestureProcessor.generateLocalMusicalPhrase (src/services/GestureProcessor.js:250:15)

  console.log
    🎵 Processing DRAG gesture - musical phrase

      at GestureProcessor.processDragGesture (src/services/GestureProcessor.js:193:13)

  console.log
    🎵 Drag details: { velocity: 150, dx: 0.2, dy: 0.1, position: { x: 0.6, y: 0.4 } }

      at GestureProcessor.processDragGesture (src/services/GestureProcessor.js:194:13)

  console.log
    🎼 Local: dorian valley, 5 notes

      at GestureProcessor.createLocalPhrase (src/services/GestureProcessor.js:317:13)

  console.log
    🎵 Generated local phrase with 5 notes

      at GestureProcessor.generateLocalMusicalPhrase (src/services/GestureProcessor.js:250:15)

  console.log
    🎵 Processing DRAG gesture - musical phrase

      at GestureProcessor.processDragGesture (src/services/GestureProcessor.js:193:13)

  console.log
    🎵 Drag details: { velocity: undefined, dx: 0.3, dy: 0.4, position: { x: 0.6, y: 0.4 } }

      at GestureProcessor.processDragGesture (src/services/GestureProcessor.js:194:13)

  console.log
    🎼 Local: dorian wave, 2 notes

      at GestureProcessor.createLocalPhrase (src/services/GestureProcessor.js:317:13)

  console.log
    🎵 Generated local phrase with 2 notes

      at GestureProcessor.generateLocalMusicalPhrase (src/services/GestureProcessor.js:250:15)

  console.log
    🎵 Processing DRAG gesture - musical phrase

      at GestureProcessor.processDragGesture (src/services/GestureProcessor.js:193:13)
          at Array.forEach (<anonymous>)

  console.log
    🎵 Drag details: { velocity: 40, dx: 0.2, dy: 0.1, position: { x: 0.6, y: 0.4 } }

      at GestureProcessor.processDragGesture (src/services/GestureProcessor.js:194:13)
          at Array.forEach (<anonymous>)

  console.log
    🎼 Local: dorian arch, 2 notes

      at GestureProcessor.createLocalPhrase (src/services/GestureProcessor.js:317:13)
          at Array.forEach (<anonymous>)

  console.log
    🎵 Generated local phrase with 2 notes

      at GestureProcessor.generateLocalMusicalPhrase (src/services/GestureProcessor.js:250:15)
          at Array.forEach (<anonymous>)

  console.log
    🎵 Processing DRAG gesture - musical phrase

      at GestureProcessor.processDragGesture (src/services/GestureProcessor.js:193:13)

  console.log
    🎵 Drag details: { velocity: 40, dx: 0.2, dy: 0.1, position: { x: 0.6, y: 0.4 } }

      at GestureProcessor.processDragGesture (src/services/GestureProcessor.js:194:13)

  console.log
    🎼 Local: dorian arch, 2 notes

      at GestureProcessor.createLocalPhrase (src/services/GestureProcessor.js:317:13)

  console.log
    🎵 Generated local phrase with 2 notes

      at GestureProcessor.generateLocalMusicalPhrase (src/services/GestureProcessor.js:250:15)

  console.log
    🎵 Processing DRAG gesture - musical phrase

      at GestureProcessor.processDragGesture (src/services/GestureProcessor.js:193:13)

  console.log
    🎵 Drag details: { velocity: 150, dx: 0.2, dy: 0.1, position: { x: 0.6, y: 0.4 } }

      at GestureProcessor.processDragGesture (src/services/GestureProcessor.js:194:13)

  console.log
    🎼 Local: dorian valley, 5 notes

      at GestureProcessor.createLocalPhrase (src/services/GestureProcessor.js:317:13)

  console.log
    🎵 Generated local phrase with 5 notes

      at GestureProcessor.generateLocalMusicalPhrase (src/services/GestureProcessor.js:250:15)

  console.log
    🎵 Processing DRAG gesture - musical phrase

      at GestureProcessor.processDragGesture (src/services/GestureProcessor.js:193:13)

  console.log
    🎵 Drag details: { velocity: 150, dx: 0.2, dy: 0.1, position: { x: 0.6, y: 0.4 } }

      at GestureProcessor.processDragGesture (src/services/GestureProcessor.js:194:13)

  console.log
    🎼 Local: dorian valley, 5 notes

      at GestureProcessor.createLocalPhrase (src/services/GestureProcessor.js:317:13)

  console.log
    🎵 Generated local phrase with 5 notes

      at GestureProcessor.generateLocalMusicalPhrase (src/services/GestureProcessor.js:250:15)

  console.log
    🎵 Processing DRAG gesture - musical phrase

      at GestureProcessor.processDragGesture (src/services/GestureProcessor.js:193:13)

  console.log
    🎵 Drag details: { velocity: 100, dx: 0.2, dy: 0.1, position: { x: 0.6, y: 0.4 } }

      at GestureProcessor.processDragGesture (src/services/GestureProcessor.js:194:13)

  console.log
    🎼 Local: dorian valley, 5 notes

      at GestureProcessor.createLocalPhrase (src/services/GestureProcessor.js:317:13)

  console.log
    🎵 Generated local phrase with 5 notes

      at GestureProcessor.generateLocalMusicalPhrase (src/services/GestureProcessor.js:250:15)

  console.log
    🎵 Processing DRAG gesture - musical phrase

      at GestureProcessor.processDragGesture (src/services/GestureProcessor.js:193:13)

  console.log
    🎵 Drag details: { velocity: 100, dx: 0.2, dy: 0.1, position: { x: 0.6, y: 0.4 } }

      at GestureProcessor.processDragGesture (src/services/GestureProcessor.js:194:13)

  console.log
    🎼 Local: dorian wave, 5 notes

      at GestureProcessor.createLocalPhrase (src/services/GestureProcessor.js:317:13)

  console.log
    🎵 Generated local phrase with 5 notes

      at GestureProcessor.generateLocalMusicalPhrase (src/services/GestureProcessor.js:250:15)

  console.log
    🎵 Processing DRAG gesture - musical phrase

      at GestureProcessor.processDragGesture (src/services/GestureProcessor.js:193:13)

  console.log
    🎵 Drag details: { velocity: 100, dx: 0.2, dy: 0.1, position: { x: 0.6, y: 0.4 } }

      at GestureProcessor.processDragGesture (src/services/GestureProcessor.js:194:13)

  console.log
    🎼 Local: dorian wave, 5 notes

      at GestureProcessor.createLocalPhrase (src/services/GestureProcessor.js:317:13)

  console.log
    🎵 Generated local phrase with 5 notes

      at GestureProcessor.generateLocalMusicalPhrase (src/services/GestureProcessor.js:250:15)

  console.log
    🎵 Processing DRAG gesture - musical phrase

      at GestureProcessor.processDragGesture (src/services/GestureProcessor.js:193:13)

  console.log
    🎵 Drag details: { velocity: NaN, dx: 0.2, dy: 0.1, position: { x: 0.6, y: 0.4 } }

      at GestureProcessor.processDragGesture (src/services/GestureProcessor.js:194:13)

  console.log
    🎼 Local: dorian wave, 2 notes

      at GestureProcessor.createLocalPhrase (src/services/GestureProcessor.js:317:13)

  console.log
    🎵 Generated local phrase with 2 notes

      at GestureProcessor.generateLocalMusicalPhrase (src/services/GestureProcessor.js:250:15)

  console.log
    🎵 Processing DRAG gesture - musical phrase

      at GestureProcessor.processDragGesture (src/services/GestureProcessor.js:193:13)

  console.log
    🎵 Drag details: { velocity: 100, dx: 0.2, dy: 0.1, position: { x: 0.6, y: 0.4 } }

      at GestureProcessor.processDragGesture (src/services/GestureProcessor.js:194:13)

  console.log
    🎼 Local: dorian arch, 5 notes

      at GestureProcessor.createLocalPhrase (src/services/GestureProcessor.js:317:13)

  console.log
    🎵 Generated local phrase with 5 notes

      at GestureProcessor.generateLocalMusicalPhrase (src/services/GestureProcessor.js:250:15)

  console.log
    🎼 Local: dorian valley, 5 notes

      at GestureProcessor.createLocalPhrase (src/services/GestureProcessor.js:317:13)

  console.log
    🎵 Generated local phrase with 5 notes

      at GestureProcessor.generateLocalMusicalPhrase (src/services/GestureProcessor.js:250:15)

  console.log
    🎼 Local: dorian arch, 5 notes

      at GestureProcessor.createLocalPhrase (src/services/GestureProcessor.js:317:13)

  console.log
    🎵 Generated local phrase with 5 notes

      at GestureProcessor.generateLocalMusicalPhrase (src/services/GestureProcessor.js:250:15)

  console.log
    🎼 Local: dorian wave, 5 notes

      at GestureProcessor.createLocalPhrase (src/services/GestureProcessor.js:317:13)

  console.log
    🎵 Generated local phrase with 5 notes

      at GestureProcessor.generateLocalMusicalPhrase (src/services/GestureProcessor.js:250:15)

  console.log
    🔇 AudioService not initialized for phrase generation

      at GestureProcessor.generateLocalMusicalPhrase (src/services/GestureProcessor.js:242:15)

  console.log
    🎼 Local: dorian arch, 5 notes

      at GestureProcessor.createLocalPhrase (src/services/GestureProcessor.js:317:13)

  console.log
    🎵 Generated local phrase with 5 notes

      at GestureProcessor.generateLocalMusicalPhrase (src/services/GestureProcessor.js:250:15)

  console.log
    🎼 Local: dorian wave, 5 notes

      at GestureProcessor.createLocalPhrase (src/services/GestureProcessor.js:317:13)

  console.log
    🎵 Generated local phrase with 5 notes

      at GestureProcessor.generateLocalMusicalPhrase (src/services/GestureProcessor.js:250:15)

  console.log
    🎼 Local: dorian valley, 5 notes

      at GestureProcessor.createLocalPhrase (src/services/GestureProcessor.js:317:13)

  console.log
    🎵 Generated local phrase with 5 notes

      at GestureProcessor.generateLocalMusicalPhrase (src/services/GestureProcessor.js:250:15)

  console.log
    🎼 Local: dorian valley, 5 notes

      at GestureProcessor.createLocalPhrase (src/services/GestureProcessor.js:317:13)

  console.log
    🎼 Local: dorian wave, 5 notes

      at GestureProcessor.createLocalPhrase (src/services/GestureProcessor.js:317:13)

  console.log
    🎼 Local: dorian arch, 5 notes

      at GestureProcessor.createLocalPhrase (src/services/GestureProcessor.js:317:13)

  console.log
    🎼 Local: dorian valley, 5 notes

      at GestureProcessor.createLocalPhrase (src/services/GestureProcessor.js:317:13)

  console.log
    🎼 Local: dorian arch, 5 notes

      at GestureProcessor.createLocalPhrase (src/services/GestureProcessor.js:317:13)

  console.log
    🎼 Local: dorian valley, 5 notes

      at GestureProcessor.createLocalPhrase (src/services/GestureProcessor.js:317:13)

  console.log
    🎼 Local: dorian wave, 5 notes

      at GestureProcessor.createLocalPhrase (src/services/GestureProcessor.js:317:13)

  console.log
    🎼 Local: dorian arch, 5 notes

      at GestureProcessor.createLocalPhrase (src/services/GestureProcessor.js:317:13)

  console.log
    🎼 Local: dorian valley, 5 notes

      at GestureProcessor.createLocalPhrase (src/services/GestureProcessor.js:317:13)

  console.log
    🎼 Local: dorian arch, 5 notes

      at GestureProcessor.createLocalPhrase (src/services/GestureProcessor.js:317:13)

  console.log
    🚨 FALLBACK gesture processing for action: tap

      at GestureProcessor.processGestureByAction (src/services/GestureProcessor.js:224:13)

  console.log
    🚨 This should not happen for tap/drag - check logic!

      at GestureProcessor.processGestureByAction (src/services/GestureProcessor.js:225:13)

  console.log
    🚨 FALLBACK gesture processing for action: tap

      at GestureProcessor.processGestureByAction (src/services/GestureProcessor.js:224:13)

  console.log
    🚨 This should not happen for tap/drag - check logic!

      at GestureProcessor.processGestureByAction (src/services/GestureProcessor.js:225:13)

  console.log
    🚨 FALLBACK gesture processing for action: tap

      at GestureProcessor.processGestureByAction (src/services/GestureProcessor.js:224:13)

  console.log
    🚨 This should not happen for tap/drag - check logic!

      at GestureProcessor.processGestureByAction (src/services/GestureProcessor.js:225:13)

  console.log
    🔧 GESTURE PROCESSOR - Before sendGesture: {
      hasCoordinates: true,
      coordinates: { x: 0.5, y: 0.5 },
      hasPosition: true,
      position: { x: 0.5, y: 0.5 },
      gestureAction: 'tap'
    }

      at GestureProcessor.processGesture (src/services/GestureProcessor.js:69:13)

  console.log
    🔍 Determined gesture action: tap from gesture.action: tap

      at GestureProcessor.processGesture (src/services/GestureProcessor.js:91:13)

  console.log
    🎯 TAP branch - calling processClickGesture

      at GestureProcessor.processGesture (src/services/GestureProcessor.js:112:15)

  console.log
    🎵 Processing TAP gesture - single note

      at GestureProcessor.processClickGesture (src/services/GestureProcessor.js:133:13)

  console.log
    🎵 TAP gesture ID: tap-123 call count: 1

      at GestureProcessor.processClickGesture (src/services/GestureProcessor.js:134:13)

  console.log
    🎵 Playing CLICK note: 660.0Hz (y=0.50, x=0.50), tier: remote

      at GestureProcessor.processClickGesture (src/services/GestureProcessor.js:145:15)

  console.log
    🔍 TAP intensity check: {
      gestureIntensity: 0.7,
      sonicIntensity: 0.7,
      positionX: 0.5,
      positionY: 0.5
    }

      at GestureProcessor.processClickGesture (src/services/GestureProcessor.js:149:15)

  console.log
    🎵 DIRECT TAP note: 660.0Hz (y=0.50, x=0.50), tier: remote

      at GestureProcessor.processClickGesture (src/services/GestureProcessor.js:182:17)

  console.log
    🔧 GESTURE PROCESSOR - Before sendGesture: {
      hasCoordinates: true,
      coordinates: { x: 0.5, y: 0.5 },
      hasPosition: true,
      position: { x: 0.5, y: 0.5 },
      gestureAction: undefined
    }

      at GestureProcessor.processGesture (src/services/GestureProcessor.js:69:13)

  console.log
    🔍 Simplified gesture classification: { duration: 100, size: 0.02, direction: undefined }

      at GestureProcessor.determineGestureAction (src/services/GestureProcessor.js:391:13)

  console.log
    🔍 TAP - very short and small

      at GestureProcessor.determineGestureAction (src/services/GestureProcessor.js:399:15)

  console.log
    🔍 Determined gesture action: tap from gesture.action: undefined

      at GestureProcessor.processGesture (src/services/GestureProcessor.js:91:13)

  console.log
    🎯 TAP branch - calling processClickGesture

      at GestureProcessor.processGesture (src/services/GestureProcessor.js:112:15)

  console.log
    🎵 Processing TAP gesture - single note

      at GestureProcessor.processClickGesture (src/services/GestureProcessor.js:133:13)

  console.log
    🎵 TAP gesture ID: tap-123 call count: 1

      at GestureProcessor.processClickGesture (src/services/GestureProcessor.js:134:13)

  console.log
    🎵 Playing CLICK note: 660.0Hz (y=0.50, x=0.50), tier: remote

      at GestureProcessor.processClickGesture (src/services/GestureProcessor.js:145:15)

  console.log
    🔍 TAP intensity check: {
      gestureIntensity: 0.7,
      sonicIntensity: 0.7,
      positionX: 0.5,
      positionY: 0.5
    }

      at GestureProcessor.processClickGesture (src/services/GestureProcessor.js:149:15)

  console.log
    🎵 DIRECT TAP note: 660.0Hz (y=0.50, x=0.50), tier: remote

      at GestureProcessor.processClickGesture (src/services/GestureProcessor.js:182:17)

  console.log
    🔧 GESTURE PROCESSOR - Before sendGesture: {
      hasCoordinates: true,
      coordinates: { x: 0.5, y: 0.5 },
      hasPosition: true,
      position: { x: 0.5, y: 0.5 },
      gestureAction: undefined
    }

      at GestureProcessor.processGesture (src/services/GestureProcessor.js:69:13)

  console.log
    🎵 Gesture captured but audio not started

      at GestureProcessor.processGesture (src/services/GestureProcessor.js:82:15)

  console.log
    🔧 GESTURE PROCESSOR - Before sendGesture: {
      hasCoordinates: true,
      coordinates: { x: 0.5, y: 0.5 },
      hasPosition: true,
      position: { x: 0.5, y: 0.5 },
      gestureAction: 'tap'
    }

      at GestureProcessor.processGesture (src/services/GestureProcessor.js:69:13)
          at Array.forEach (<anonymous>)

  console.log
    🔍 Determined gesture action: tap from gesture.action: tap

      at GestureProcessor.processGesture (src/services/GestureProcessor.js:91:13)
          at Array.forEach (<anonymous>)

  console.log
    🎯 TAP branch - calling processClickGesture

      at GestureProcessor.processGesture (src/services/GestureProcessor.js:112:15)
          at Array.forEach (<anonymous>)

  console.log
    🎵 Processing TAP gesture - single note

      at GestureProcessor.processClickGesture (src/services/GestureProcessor.js:133:13)
          at Array.forEach (<anonymous>)

  console.log
    🎵 TAP gesture ID: tap-0 call count: 1

      at GestureProcessor.processClickGesture (src/services/GestureProcessor.js:134:13)
          at Array.forEach (<anonymous>)

  console.log
    🎵 Playing CLICK note: 660.0Hz (y=0.50, x=0.50), tier: remote

      at GestureProcessor.processClickGesture (src/services/GestureProcessor.js:145:15)
          at Array.forEach (<anonymous>)

  console.log
    🔍 TAP intensity check: {
      gestureIntensity: 0.7,
      sonicIntensity: 0.7,
      positionX: 0.5,
      positionY: 0.5
    }

      at GestureProcessor.processClickGesture (src/services/GestureProcessor.js:149:15)
          at Array.forEach (<anonymous>)

  console.log
    🎵 DIRECT TAP note: 660.0Hz (y=0.50, x=0.50), tier: remote

      at GestureProcessor.processClickGesture (src/services/GestureProcessor.js:182:17)
          at Array.forEach (<anonymous>)

  console.log
    🔧 GESTURE PROCESSOR - Before sendGesture: {
      hasCoordinates: true,
      coordinates: { x: 0.5, y: 0.5 },
      hasPosition: true,
      position: { x: 0.5, y: 0.5 },
      gestureAction: 'tap'
    }

      at GestureProcessor.processGesture (src/services/GestureProcessor.js:69:13)
          at Array.forEach (<anonymous>)

  console.log
    🔍 Determined gesture action: tap from gesture.action: tap

      at GestureProcessor.processGesture (src/services/GestureProcessor.js:91:13)
          at Array.forEach (<anonymous>)

  console.log
    🎯 TAP branch - calling processClickGesture

      at GestureProcessor.processGesture (src/services/GestureProcessor.js:112:15)
          at Array.forEach (<anonymous>)

  console.log
    🎵 Processing TAP gesture - single note

      at GestureProcessor.processClickGesture (src/services/GestureProcessor.js:133:13)
          at Array.forEach (<anonymous>)

  console.log
    🎵 TAP gesture ID: tap-1 call count: 2

      at GestureProcessor.processClickGesture (src/services/GestureProcessor.js:134:13)
          at Array.forEach (<anonymous>)

  console.log
    🎵 Playing CLICK note: 660.0Hz (y=0.50, x=0.50), tier: remote

      at GestureProcessor.processClickGesture (src/services/GestureProcessor.js:145:15)
          at Array.forEach (<anonymous>)

  console.log
    🔍 TAP intensity check: {
      gestureIntensity: 0.7,
      sonicIntensity: 0.7,
      positionX: 0.5,
      positionY: 0.5
    }

      at GestureProcessor.processClickGesture (src/services/GestureProcessor.js:149:15)
          at Array.forEach (<anonymous>)

  console.log
    🎵 DIRECT TAP note: 660.0Hz (y=0.50, x=0.50), tier: remote

      at GestureProcessor.processClickGesture (src/services/GestureProcessor.js:182:17)
          at Array.forEach (<anonymous>)

  console.log
    🔧 GESTURE PROCESSOR - Before sendGesture: {
      hasCoordinates: true,
      coordinates: { x: 0.5, y: 0.5 },
      hasPosition: true,
      position: { x: 0.5, y: 0.5 },
      gestureAction: 'tap'
    }

      at GestureProcessor.processGesture (src/services/GestureProcessor.js:69:13)
          at Array.forEach (<anonymous>)

  console.log
    🔍 Determined gesture action: tap from gesture.action: tap

      at GestureProcessor.processGesture (src/services/GestureProcessor.js:91:13)
          at Array.forEach (<anonymous>)

  console.log
    🎯 TAP branch - calling processClickGesture

      at GestureProcessor.processGesture (src/services/GestureProcessor.js:112:15)
          at Array.forEach (<anonymous>)

  console.log
    🎵 Processing TAP gesture - single note

      at GestureProcessor.processClickGesture (src/services/GestureProcessor.js:133:13)
          at Array.forEach (<anonymous>)

  console.log
    🎵 TAP gesture ID: tap-2 call count: 3

      at GestureProcessor.processClickGesture (src/services/GestureProcessor.js:134:13)
          at Array.forEach (<anonymous>)

  console.log
    🎵 Playing CLICK note: 660.0Hz (y=0.50, x=0.50), tier: remote

      at GestureProcessor.processClickGesture (src/services/GestureProcessor.js:145:15)
          at Array.forEach (<anonymous>)

  console.log
    🔍 TAP intensity check: {
      gestureIntensity: 0.7,
      sonicIntensity: 0.7,
      positionX: 0.5,
      positionY: 0.5
    }

      at GestureProcessor.processClickGesture (src/services/GestureProcessor.js:149:15)
          at Array.forEach (<anonymous>)

  console.log
    🎵 DIRECT TAP note: 660.0Hz (y=0.50, x=0.50), tier: remote

      at GestureProcessor.processClickGesture (src/services/GestureProcessor.js:182:17)
          at Array.forEach (<anonymous>)

  console.log
    🔧 GESTURE PROCESSOR - Before sendGesture: {
      hasCoordinates: true,
      coordinates: { x: 0.5, y: 0.5 },
      hasPosition: true,
      position: { x: 0.5, y: 0.5 },
      gestureAction: 'tap'
    }

      at GestureProcessor.processGesture (src/services/GestureProcessor.js:69:13)
          at Array.forEach (<anonymous>)

  console.log
    🔍 Determined gesture action: tap from gesture.action: tap

      at GestureProcessor.processGesture (src/services/GestureProcessor.js:91:13)
          at Array.forEach (<anonymous>)

  console.log
    🎯 TAP branch - calling processClickGesture

      at GestureProcessor.processGesture (src/services/GestureProcessor.js:112:15)
          at Array.forEach (<anonymous>)

  console.log
    🎵 Processing TAP gesture - single note

      at GestureProcessor.processClickGesture (src/services/GestureProcessor.js:133:13)
          at Array.forEach (<anonymous>)

  console.log
    🎵 TAP gesture ID: tap-3 call count: 4

      at GestureProcessor.processClickGesture (src/services/GestureProcessor.js:134:13)
          at Array.forEach (<anonymous>)

  console.log
    🎵 Playing CLICK note: 660.0Hz (y=0.50, x=0.50), tier: remote

      at GestureProcessor.processClickGesture (src/services/GestureProcessor.js:145:15)
          at Array.forEach (<anonymous>)

  console.log
    🔍 TAP intensity check: {
      gestureIntensity: 0.7,
      sonicIntensity: 0.7,
      positionX: 0.5,
      positionY: 0.5
    }

      at GestureProcessor.processClickGesture (src/services/GestureProcessor.js:149:15)
          at Array.forEach (<anonymous>)

  console.log
    🎵 DIRECT TAP note: 660.0Hz (y=0.50, x=0.50), tier: remote

      at GestureProcessor.processClickGesture (src/services/GestureProcessor.js:182:17)
          at Array.forEach (<anonymous>)

  console.log
    🔧 GESTURE PROCESSOR - Before sendGesture: {
      hasCoordinates: true,
      coordinates: { x: 0.5, y: 0.5 },
      hasPosition: true,
      position: { x: 0.5, y: 0.5 },
      gestureAction: 'tap'
    }

      at GestureProcessor.processGesture (src/services/GestureProcessor.js:69:13)
          at Array.forEach (<anonymous>)

  console.log
    🔍 Determined gesture action: tap from gesture.action: tap

      at GestureProcessor.processGesture (src/services/GestureProcessor.js:91:13)
          at Array.forEach (<anonymous>)

  console.log
    🎯 TAP branch - calling processClickGesture

      at GestureProcessor.processGesture (src/services/GestureProcessor.js:112:15)
          at Array.forEach (<anonymous>)

  console.log
    🎵 Processing TAP gesture - single note

      at GestureProcessor.processClickGesture (src/services/GestureProcessor.js:133:13)
          at Array.forEach (<anonymous>)

  console.log
    🎵 TAP gesture ID: tap-4 call count: 5

      at GestureProcessor.processClickGesture (src/services/GestureProcessor.js:134:13)
          at Array.forEach (<anonymous>)

  console.log
    🎵 Playing CLICK note: 660.0Hz (y=0.50, x=0.50), tier: remote

      at GestureProcessor.processClickGesture (src/services/GestureProcessor.js:145:15)
          at Array.forEach (<anonymous>)

  console.log
    🔍 TAP intensity check: {
      gestureIntensity: 0.7,
      sonicIntensity: 0.7,
      positionX: 0.5,
      positionY: 0.5
    }

      at GestureProcessor.processClickGesture (src/services/GestureProcessor.js:149:15)
          at Array.forEach (<anonymous>)

  console.log
    🎵 DIRECT TAP note: 660.0Hz (y=0.50, x=0.50), tier: remote

      at GestureProcessor.processClickGesture (src/services/GestureProcessor.js:182:17)
          at Array.forEach (<anonymous>)

  console.log
    🎵 Processing DRAG gesture - musical phrase

      at GestureProcessor.processDragGesture (src/services/GestureProcessor.js:193:13)
          at Array.forEach (<anonymous>)

  console.log
    🎵 Drag details: { velocity: 100, dx: 0.2, dy: 0.1, position: { x: 0.6, y: 0.4 } }

      at GestureProcessor.processDragGesture (src/services/GestureProcessor.js:194:13)
          at Array.forEach (<anonymous>)

  console.log
    🎼 Local: dorian wave, 5 notes

      at GestureProcessor.createLocalPhrase (src/services/GestureProcessor.js:317:13)
          at Array.forEach (<anonymous>)

  console.log
    🎵 Generated local phrase with 5 notes

      at GestureProcessor.generateLocalMusicalPhrase (src/services/GestureProcessor.js:250:15)
          at Array.forEach (<anonymous>)

  console.log
    🎵 Processing DRAG gesture - musical phrase

      at GestureProcessor.processDragGesture (src/services/GestureProcessor.js:193:13)
          at Array.forEach (<anonymous>)

  console.log
    🎵 Drag details: { velocity: 100, dx: 0.2, dy: 0.1, position: { x: 0.6, y: 0.4 } }

      at GestureProcessor.processDragGesture (src/services/GestureProcessor.js:194:13)
          at Array.forEach (<anonymous>)

  console.log
    🚫 Drag phrase throttled - too recent

      at GestureProcessor.processDragGesture (src/services/GestureProcessor.js:204:15)
          at Array.forEach (<anonymous>)

  console.log
    🎵 Processing DRAG gesture - musical phrase

      at GestureProcessor.processDragGesture (src/services/GestureProcessor.js:193:13)
          at Array.forEach (<anonymous>)

  console.log
    🎵 Drag details: { velocity: 100, dx: 0.2, dy: 0.1, position: { x: 0.6, y: 0.4 } }

      at GestureProcessor.processDragGesture (src/services/GestureProcessor.js:194:13)
          at Array.forEach (<anonymous>)

  console.log
    🚫 Drag phrase throttled - too recent

      at GestureProcessor.processDragGesture (src/services/GestureProcessor.js:204:15)
          at Array.forEach (<anonymous>)

  console.log
    🔧 GESTURE PROCESSOR - Before sendGesture: {
      hasCoordinates: true,
      coordinates: { x: 0.5, y: 0.5 },
      hasPosition: true,
      position: { x: 0.5, y: 0.5 },
      gestureAction: 'tap'
    }

      at GestureProcessor.processGesture (src/services/GestureProcessor.js:69:13)

  console.log
    🔍 Determined gesture action: tap from gesture.action: tap

      at GestureProcessor.processGesture (src/services/GestureProcessor.js:91:13)

  console.log
    🎯 TAP branch - calling processClickGesture

      at GestureProcessor.processGesture (src/services/GestureProcessor.js:112:15)

  console.log
    🎵 Processing TAP gesture - single note

      at GestureProcessor.processClickGesture (src/services/GestureProcessor.js:133:13)

  console.log
    🎵 TAP gesture ID: tap-1 call count: 1

      at GestureProcessor.processClickGesture (src/services/GestureProcessor.js:134:13)

  console.log
    🎵 Playing CLICK note: 660.0Hz (y=0.50, x=0.50), tier: remote

      at GestureProcessor.processClickGesture (src/services/GestureProcessor.js:145:15)

  console.log
    🔍 TAP intensity check: {
      gestureIntensity: 0.7,
      sonicIntensity: 0.7,
      positionX: 0.5,
      positionY: 0.5
    }

      at GestureProcessor.processClickGesture (src/services/GestureProcessor.js:149:15)

  console.log
    🎵 DIRECT TAP note: 660.0Hz (y=0.50, x=0.50), tier: remote

      at GestureProcessor.processClickGesture (src/services/GestureProcessor.js:182:17)

  console.log
    🔧 GESTURE PROCESSOR - Before sendGesture: {
      hasCoordinates: true,
      coordinates: { x: 0.6, y: 0.4 },
      hasPosition: true,
      position: { x: 0.6, y: 0.4 },
      gestureAction: 'drag'
    }

      at GestureProcessor.processGesture (src/services/GestureProcessor.js:69:13)

  console.log
    🔍 Determined gesture action: drag from gesture.action: drag

      at GestureProcessor.processGesture (src/services/GestureProcessor.js:91:13)

  console.log
    🎯 DRAG branch - IMMEDIATE processing (no setTimeout)

      at GestureProcessor.processGesture (src/services/GestureProcessor.js:118:15)

  console.log
    🎵 Processing DRAG gesture - musical phrase

      at GestureProcessor.processDragGesture (src/services/GestureProcessor.js:193:13)

  console.log
    🎵 Drag details: { velocity: 100, dx: 0.2, dy: 0.1, position: { x: 0.6, y: 0.4 } }

      at GestureProcessor.processDragGesture (src/services/GestureProcessor.js:194:13)

  console.log
    🎼 Local: dorian arch, 5 notes

      at GestureProcessor.createLocalPhrase (src/services/GestureProcessor.js:317:13)

  console.log
    🎵 Generated local phrase with 5 notes

      at GestureProcessor.generateLocalMusicalPhrase (src/services/GestureProcessor.js:250:15)

  console.log
    🔧 GESTURE PROCESSOR - Before sendGesture: {
      hasCoordinates: true,
      coordinates: { x: 0.5, y: 0.5 },
      hasPosition: true,
      position: { x: 0.5, y: 0.5 },
      gestureAction: 'tap'
    }

      at GestureProcessor.processGesture (src/services/GestureProcessor.js:69:13)

  console.log
    🔍 Determined gesture action: tap from gesture.action: tap

      at GestureProcessor.processGesture (src/services/GestureProcessor.js:91:13)

  console.log
    🎯 TAP branch - calling processClickGesture

      at GestureProcessor.processGesture (src/services/GestureProcessor.js:112:15)

  console.log
    🎵 Processing TAP gesture - single note

      at GestureProcessor.processClickGesture (src/services/GestureProcessor.js:133:13)

  console.log
    🎵 TAP gesture ID: tap-2 call count: 2

      at GestureProcessor.processClickGesture (src/services/GestureProcessor.js:134:13)

  console.log
    🎵 Playing CLICK note: 660.0Hz (y=0.50, x=0.50), tier: remote

      at GestureProcessor.processClickGesture (src/services/GestureProcessor.js:145:15)

  console.log
    🔍 TAP intensity check: {
      gestureIntensity: 0.7,
      sonicIntensity: 0.7,
      positionX: 0.5,
      positionY: 0.5
    }

      at GestureProcessor.processClickGesture (src/services/GestureProcessor.js:149:15)

  console.log
    🎵 DIRECT TAP note: 660.0Hz (y=0.50, x=0.50), tier: remote

      at GestureProcessor.processClickGesture (src/services/GestureProcessor.js:182:17)

  console.log
    🔧 GESTURE PROCESSOR - Before sendGesture: {
      hasCoordinates: false,
      coordinates: undefined,
      hasPosition: true,
      position: { x: 0.5, y: 0.5 },
      gestureAction: 'tap'
    }

      at GestureProcessor.processGesture (src/services/GestureProcessor.js:69:13)

  console.log
    🔍 Determined gesture action: tap from gesture.action: tap

      at GestureProcessor.processGesture (src/services/GestureProcessor.js:91:13)

  console.log
    🔧 GESTURE PROCESSOR - Before sendGesture: {
      hasCoordinates: false,
      coordinates: null,
      hasPosition: true,
      position: { x: 0.5, y: 0.5 },
      gestureAction: 'tap'
    }

      at GestureProcessor.processGesture (src/services/GestureProcessor.js:69:13)

  console.log
    🔍 Determined gesture action: tap from gesture.action: tap

      at GestureProcessor.processGesture (src/services/GestureProcessor.js:91:13)

  console.log
    🔧 GESTURE PROCESSOR - Before sendGesture: {
      hasCoordinates: true,
      coordinates: { x: 0.5, y: 0.5 },
      hasPosition: true,
      position: { x: 0.5, y: 0.5 },
      gestureAction: undefined
    }

      at GestureProcessor.processGesture (src/services/GestureProcessor.js:69:13)

  console.log
    🔍 Simplified gesture classification: { duration: 100, size: 0.02, direction: undefined }

      at GestureProcessor.determineGestureAction (src/services/GestureProcessor.js:391:13)

  console.log
    🔍 TAP - very short and small

      at GestureProcessor.determineGestureAction (src/services/GestureProcessor.js:399:15)

  console.log
    🔍 Determined gesture action: tap from gesture.action: undefined

      at GestureProcessor.processGesture (src/services/GestureProcessor.js:91:13)

  console.log
    🎯 TAP branch - calling processClickGesture

      at GestureProcessor.processGesture (src/services/GestureProcessor.js:112:15)

  console.log
    🎵 Processing TAP gesture - single note

      at GestureProcessor.processClickGesture (src/services/GestureProcessor.js:133:13)

  console.log
    🎵 TAP gesture ID: tap-123 call count: 1

      at GestureProcessor.processClickGesture (src/services/GestureProcessor.js:134:13)

  console.log
    🎵 Playing CLICK note: 660.0Hz (y=0.50, x=0.50), tier: remote

      at GestureProcessor.processClickGesture (src/services/GestureProcessor.js:145:15)

  console.log
    🔍 TAP intensity check: {
      gestureIntensity: 'invalid',
      sonicIntensity: 'invalid',
      positionX: 0.5,
      positionY: 0.5
    }

      at GestureProcessor.processClickGesture (src/services/GestureProcessor.js:149:15)

  console.log
    🎵 DIRECT TAP note: 660.0Hz (y=0.50, x=0.50), tier: remote

      at GestureProcessor.processClickGesture (src/services/GestureProcessor.js:182:17)

  console.log
    🎵 Processing DRAG gesture - musical phrase

      at GestureProcessor.processDragGesture (src/services/GestureProcessor.js:193:13)

  console.log
    🎵 Drag details: { velocity: NaN, dx: 0.2, dy: 0.1, position: { x: 0.6, y: 0.4 } }

      at GestureProcessor.processDragGesture (src/services/GestureProcessor.js:194:13)

  console.log
    🎼 Local: dorian valley, 2 notes

      at GestureProcessor.createLocalPhrase (src/services/GestureProcessor.js:317:13)

  console.log
    🎵 Generated local phrase with 2 notes

      at GestureProcessor.generateLocalMusicalPhrase (src/services/GestureProcessor.js:250:15)

  console.log
    🎵 Processing TAP gesture - single note

      at GestureProcessor.processClickGesture (src/services/GestureProcessor.js:133:13)

  console.log
    🎵 TAP gesture ID: tap-123 call count: 1

      at GestureProcessor.processClickGesture (src/services/GestureProcessor.js:134:13)

  console.log
    🎵 Playing CLICK note: 440.0Hz (y=-0.50, x=-0.50), tier: background

      at GestureProcessor.processClickGesture (src/services/GestureProcessor.js:145:15)

  console.log
    🔍 TAP intensity check: {
      gestureIntensity: 0.7,
      sonicIntensity: 0.7,
      positionX: -0.5,
      positionY: -0.5
    }

      at GestureProcessor.processClickGesture (src/services/GestureProcessor.js:149:15)

  console.log
    🎵 DIRECT TAP note: 440.0Hz (y=-0.50, x=-0.50), tier: background

      at GestureProcessor.processClickGesture (src/services/GestureProcessor.js:182:17)

  console.log
    🎵 Processing DRAG gesture - musical phrase

      at GestureProcessor.processDragGesture (src/services/GestureProcessor.js:193:13)

  console.log
    🎵 Drag details: { velocity: 1500, dx: 0.2, dy: 0.1, position: { x: 0.6, y: 0.4 } }

      at GestureProcessor.processDragGesture (src/services/GestureProcessor.js:194:13)

  console.log
    🎼 Local: dorian zigzag, 5 notes

      at GestureProcessor.createLocalPhrase (src/services/GestureProcessor.js:317:13)

  console.log
    🎵 Generated local phrase with 5 notes

      at GestureProcessor.generateLocalMusicalPhrase (src/services/GestureProcessor.js:250:15)

  console.log
    🔧 GESTURE PROCESSOR - Before sendGesture: {
      hasCoordinates: true,
      coordinates: { x: 0.6, y: 0.4 },
      hasPosition: true,
      position: { x: 0.6, y: 0.4 },
      gestureAction: 'drag'
    }

      at GestureProcessor.processGesture (src/services/GestureProcessor.js:69:13)

  console.log
    🔍 Determined gesture action: drag from gesture.action: drag

      at GestureProcessor.processGesture (src/services/GestureProcessor.js:91:13)

  console.log
    🎯 DRAG branch - IMMEDIATE processing (no setTimeout)

      at GestureProcessor.processGesture (src/services/GestureProcessor.js:118:15)

  console.log
    🎵 Processing DRAG gesture - musical phrase

      at GestureProcessor.processDragGesture (src/services/GestureProcessor.js:193:13)

  console.log
    🎵 Drag details: { velocity: 150, dx: 0.2, dy: 0.1, position: { x: 0.6, y: 0.4 } }

      at GestureProcessor.processDragGesture (src/services/GestureProcessor.js:194:13)

  console.log
    🎼 Local: dorian valley, 5 notes

      at GestureProcessor.createLocalPhrase (src/services/GestureProcessor.js:317:13)

  console.log
    🎵 Generated local phrase with 5 notes

      at GestureProcessor.generateLocalMusicalPhrase (src/services/GestureProcessor.js:250:15)

  console.log
    🔧 GESTURE PROCESSOR - Before sendGesture: {
      hasCoordinates: true,
      coordinates: { x: 0.6, y: 0.4 },
      hasPosition: true,
      position: { x: 0.6, y: 0.4 },
      gestureAction: 'drag'
    }

      at GestureProcessor.processGesture (src/services/GestureProcessor.js:69:13)

  console.log
    🔍 Determined gesture action: drag from gesture.action: drag

      at GestureProcessor.processGesture (src/services/GestureProcessor.js:91:13)

  console.log
    🎯 DRAG branch - IMMEDIATE processing (no setTimeout)

      at GestureProcessor.processGesture (src/services/GestureProcessor.js:118:15)

  console.log
    🎵 Processing DRAG gesture - musical phrase

      at GestureProcessor.processDragGesture (src/services/GestureProcessor.js:193:13)

  console.log
    🎵 Drag details: { velocity: 150, dx: 0.2, dy: 0.1, position: { x: 0.6, y: 0.4 } }

      at GestureProcessor.processDragGesture (src/services/GestureProcessor.js:194:13)

  console.log
    🚫 Drag phrase throttled - too recent

      at GestureProcessor.processDragGesture (src/services/GestureProcessor.js:204:15)

  console.log
    🔧 GESTURE PROCESSOR - Before sendGesture: {
      hasCoordinates: true,
      coordinates: { x: 0.6, y: 0.4 },
      hasPosition: true,
      position: { x: 0.6, y: 0.4 },
      gestureAction: 'drag'
    }

      at GestureProcessor.processGesture (src/services/GestureProcessor.js:69:13)

  console.log
    🔍 Determined gesture action: drag from gesture.action: drag

      at GestureProcessor.processGesture (src/services/GestureProcessor.js:91:13)

  console.log
    🎯 DRAG branch - IMMEDIATE processing (no setTimeout)

      at GestureProcessor.processGesture (src/services/GestureProcessor.js:118:15)

  console.log
    🎵 Processing DRAG gesture - musical phrase

      at GestureProcessor.processDragGesture (src/services/GestureProcessor.js:193:13)

  console.log
    🎵 Drag details: { velocity: 150, dx: 0.2, dy: 0.1, position: { x: 0.6, y: 0.4 } }

      at GestureProcessor.processDragGesture (src/services/GestureProcessor.js:194:13)

  console.log
    🎼 Local: dorian arch, 5 notes

      at GestureProcessor.createLocalPhrase (src/services/GestureProcessor.js:317:13)

  console.log
    🎵 Generated local phrase with 5 notes

      at GestureProcessor.generateLocalMusicalPhrase (src/services/GestureProcessor.js:250:15)

  console.log
    🔧 GESTURE PROCESSOR - Before sendGesture: {
      hasCoordinates: true,
      coordinates: { x: 0.6, y: 0.4 },
      hasPosition: true,
      position: { x: 0.6, y: 0.4 },
      gestureAction: 'drag'
    }

      at GestureProcessor.processGesture (src/services/GestureProcessor.js:69:13)

  console.log
    🔍 Determined gesture action: drag from gesture.action: drag

      at GestureProcessor.processGesture (src/services/GestureProcessor.js:91:13)

  console.log
    🎯 DRAG branch - IMMEDIATE processing (no setTimeout)

      at GestureProcessor.processGesture (src/services/GestureProcessor.js:118:15)

  console.log
    🎵 Processing DRAG gesture - musical phrase

      at GestureProcessor.processDragGesture (src/services/GestureProcessor.js:193:13)

  console.log
    🎵 Drag details: { velocity: 150, dx: 0.2, dy: 0.1, position: { x: 0.6, y: 0.4 } }

      at GestureProcessor.processDragGesture (src/services/GestureProcessor.js:194:13)

  console.log
    🚫 Drag phrase throttled - too recent

      at GestureProcessor.processDragGesture (src/services/GestureProcessor.js:204:15)

  console.log
    🎵 Processing TAP gesture - single note

      at GestureProcessor.processClickGesture (src/services/GestureProcessor.js:133:13)

  console.log
    🎵 TAP gesture ID: tap-123 call count: 1

      at GestureProcessor.processClickGesture (src/services/GestureProcessor.js:134:13)

  console.log
    🎵 Playing CLICK note: 660.0Hz (y=0.50, x=0.50), tier: remote

      at GestureProcessor.processClickGesture (src/services/GestureProcessor.js:145:15)

  console.log
    🔍 TAP intensity check: {
      gestureIntensity: 0.7,
      sonicIntensity: 0.7,
      positionX: 0.5,
      positionY: 0.5
    }

      at GestureProcessor.processClickGesture (src/services/GestureProcessor.js:149:15)

  console.log
    🔧 GESTURE PROCESSOR - Before sendGesture: {
      hasCoordinates: true,
      coordinates: { x: 0.5, y: 0.5 },
      hasPosition: true,
      position: { x: 0.5, y: 0.5 },
      gestureAction: undefined
    }

      at GestureProcessor.processGesture (src/services/GestureProcessor.js:69:13)

FAIL tests/unit/GestureProcessor.test.js
  GestureProcessor
    Constructor
      ✓ should initialize with required dependencies (2 ms)
      ✕ should initialize state properties to defaults (2 ms)
      ✓ should set lastDragPhraseTime to 0
      ✕ should set gestureTimer to null
      ✕ should set pendingGesture to null (1 ms)
    processGesture()
      ✕ should send gesture to server via socketService (25 ms)
      ✓ should draw gesture trail when audio not started (2 ms)
      ✓ should return early when audio not started (2 ms)
      ✓ should delegate to processClickGesture for tap gestures (7 ms)
      ✕ should delegate to processDragGesture for drag gestures via timer (13 ms)
      ✓ should use gesture.action if provided (14 ms)
      ✓ should determine action if gesture.action is missing (8 ms)
      ✕ should clear existing timer before new gesture (10 ms)
      ✓ should create 500ms timer for drag gestures (5 ms)
      ✓ should handle processGestureByAction for unknown actions (3 ms)
      ✕ should clear pending gesture after processing (10 ms)
      ✓ should handle missing coordinates gracefully (3 ms)
    determineGestureAction()
      ✓ should identify tap for duration < 200ms and size < 0.05 (2 ms)
      ✓ should identify drag for duration >= 200ms (2 ms)
      ✓ should identify drag for size >= 0.05 (2 ms)
      ✓ should handle missing duration property (1 ms)
      ✓ should handle missing size property (2 ms)
      ✓ should handle zero duration (2 ms)
      ✓ should handle edge case: duration = 199ms, size = 0.049 (1 ms)
      ✓ should handle edge case: duration = 200ms, size = 0.05 (1 ms)
    processClickGesture()
      ✓ should calculate frequency from Y position (octave base) (7 ms)
      ✓ should calculate frequency from X position (within octave) (4 ms)
      ✕ should generate frequencies in range 110Hz-1210Hz (3 ms)
      ✓ should use fixed volume of 0.5 (3 ms)
      ✓ should use 32n duration for clicks (3 ms)
      ✓ should configure synth with oscillator type based on tier (10 ms)
      ✓ should set envelope for percussive notes (4 ms)
      ✓ should trigger note with gestureSynth (7 ms)
      ✓ should increment tapCallCount (3 ms)
      ✓ should handle missing audioService gracefully (1 ms)
    processDragGesture()
      ✕ should throttle drag phrases (500ms minimum) (3 ms)
      ✕ should allow drag after throttle period (6 ms)
      ✕ should calculate velocity from dx/dy if not provided (3 ms)
      ✕ should generate 2-5 notes based on velocity (3 ms)
      ✕ should generate 2 notes for low velocity (< 50) (3 ms)
      ✕ should generate 5 notes for high velocity (>= 125) (3 ms)
      ✓ should calculate base frequency from Y position (3 ms)
      ✕ should create rhythmic spacing (180ms + random) (3 ms)
      ✕ should add frequency variation to each note (3 ms)
      ✓ should use duration range 150-400ms (3 ms)
      ✓ should handle invalid velocity gracefully (3 ms)
      ✕ should schedule notes via setTimeout (3 ms)
    calculateGestureSpeed()
      ✓ should return gesture.speed if available (1 ms)
      ✓ should return fallback value if speed missing
      ✓ should return value in range 0-1 (1 ms)
    calculateGestureLength()
      ✓ should return gesture.intensity if available
      ✓ should return 0.5 if intensity missing (1 ms)
    calculatePitchRange()
      ✓ should map Y position to MIDI range (1 ms)
      ✓ should invert Y coordinate (top = high notes)
      ✕ should handle Y = 0 (bottom, low notes)
      ✓ should handle Y = 1 (top, high notes)
      ✓ should handle missing Y coordinate (1 ms)
    calculateNoteFromGesture()
      ✓ should calculate MIDI pitch from position
      ✓ should respect pitch range min/max
      ✓ should round to nearest integer (1 ms)
      ✓ should handle noteIndex = 0 (first note)
      ✓ should handle noteIndex = totalNotes - 1 (last note)
    selectArticulationFromGesture()
      ✓ should return "accent" for first note
      ✓ should return "legato" for last note
      ✓ should vary articulation based on intensity (1 ms)
    generateLocalMusicalPhrase()
      ✓ should create phrase via createLocalPhrase (2 ms)
      ✕ should schedule notes with setTimeout (2 ms)
      ✓ should play each note via audioService.playMusicalEvent (2 ms)
      ✓ should handle audioService not initialized (2 ms)
      ✓ should log errors for failed note playback (2 ms)
      ✕ should convert startTime from seconds to milliseconds (2 ms)
      ✓ should create phrase with correct length (1 ms)
      ✓ should handle errors gracefully
    createLocalPhrase()
      ✓ should always generate 5 notes (1 ms)
      ✓ should adjust base duration for slow gestures (2 ms)
      ✓ should adjust base duration for medium gestures (1 ms)
      ✓ should adjust base duration for fast gestures (1 ms)
      ✓ should apply rhythmic variations (accent/legato/staccato) (2 ms)
      ✓ should create first note with accent
      ✓ should create last note with legato
      ✓ should calculate pitch for each note (1 ms)
      ✕ should set velocity in range 60-80 (1 ms)
      ✓ should create overlapping notes (0.9 spacing) (1 ms)
    processGestureByAction()
      ✓ should play fallback note at 440Hz (3 ms)
      ✓ should use local tier (1 ms)
      ✓ should use volume 0.5 (1 ms)
    Integration
      ✓ should work with real Tone.js AudioService mock (5 ms)
      ✕ should send gestures via SocketService (7 ms)
      ✓ should call drawGestureTrailCallback when audio not started (2 ms)
      ✓ should handle rapid tap sequences (28 ms)
      ✕ should handle rapid drag sequences with throttling (7 ms)
      ✓ should handle tap-drag-tap sequence (14 ms)
    Edge Cases
      ✓ should handle gesture with missing coordinates (2 ms)
      ✓ should handle gesture with null coordinates (2 ms)
      ✓ should handle gesture with invalid intensity (7 ms)
      ✓ should handle gesture with NaN velocity (3 ms)
      ✓ should handle gesture with negative values (3 ms)
      ✕ should handle very high velocity (> 1000) (3 ms)
      ✕ should handle timer race conditions (10 ms)
      ✕ should handle multiple pending gestures (8 ms)
      ✓ should handle audioService.gestureSynth missing (3 ms)
      ✓ should handle socketService.sendGesture missing (1 ms)

  ● GestureProcessor › Constructor › should initialize state properties to defaults

    expect(received).toBe(expected) // Object.is equality

    Expected: 0
    Received: undefined

      118 |     test('should initialize state properties to defaults', () => {
      119 |       expect(processor.lastDragPhraseTime).toBe(0)
    > 120 |       expect(processor.gestureStartTime).toBe(0)
          |                                          ^
      121 |       expect(processor.gestureTimer).toBeNull()
      122 |       expect(processor.pendingGesture).toBeNull()
      123 |       expect(processor.tapCallCount).toBe(0)

      at Object.<anonymous> (tests/unit/GestureProcessor.test.js:120:42)

  ● GestureProcessor › Constructor › should set gestureTimer to null

    expect(received).toBeNull()

    Received: undefined

      129 |
      130 |     test('should set gestureTimer to null', () => {
    > 131 |       expect(processor.gestureTimer).toBeNull()
          |                                      ^
      132 |     })
      133 |
      134 |     test('should set pendingGesture to null', () => {

      at Object.<anonymous> (tests/unit/GestureProcessor.test.js:131:38)

  ● GestureProcessor › Constructor › should set pendingGesture to null

    expect(received).toBeNull()

    Received: undefined

      133 |
      134 |     test('should set pendingGesture to null', () => {
    > 135 |       expect(processor.pendingGesture).toBeNull()
          |                                        ^
      136 |     })
      137 |   })
      138 |

      at Object.<anonymous> (tests/unit/GestureProcessor.test.js:135:40)

  ● GestureProcessor › processGesture() › should send gesture to server via socketService

    expect(jest.fn()).toHaveBeenCalledWith(...expected)

    - Expected
    + Received

    @@ -5,8 +5,12 @@
        },
        "device": "mouse",
        "duration": 100,
        "id": "tap-123",
        "intensity": 0.7,
    +   "position": Object {
    +     "x": 0.5,
    +     "y": 0.5,
    +   },
        "size": 0.02,
        "timestamp": 1764242896009,
      },

    Number of calls: 1

      146 |       processor.processGesture(gesture, true)
      147 |
    > 148 |       expect(mockSocketService.sendGesture).toHaveBeenCalledWith(gesture)
          |                                             ^
      149 |     })
      150 |
      151 |     test('should draw gesture trail when audio not started', () => {

      at Object.<anonymous> (tests/unit/GestureProcessor.test.js:148:45)

  ● GestureProcessor › processGesture() › should delegate to processDragGesture for drag gestures via timer

    expect(received).toBe(expected) // Object.is equality

    Expected: {"action": "drag", "coordinates": {"x": 0.6, "y": 0.4}, "device": "mouse", "duration": 500, "dx": 0.2, "dy": 0.1, "id": "drag-456", "intensity": 0.8, "size": 0.15, "timestamp": 1764242896047, "velocity": 150}
    Received: undefined

      180 |
      181 |       expect(processor.gestureTimer).not.toBeNull()
    > 182 |       expect(processor.pendingGesture).toBe(gesture)
          |                                        ^
      183 |
      184 |       jest.useRealTimers()
      185 |     })

      at Object.<anonymous> (tests/unit/GestureProcessor.test.js:182:40)

  ● GestureProcessor › processGesture() › should clear existing timer before new gesture

    expect(received).not.toBe(expected) // Object.is equality

    Expected: not undefined

      217 |       processor.processGesture(gesture2, true)
      218 |
    > 219 |       expect(processor.gestureTimer).not.toBe(firstTimer)
          |                                          ^
      220 |       jest.useRealTimers()
      221 |     })
      222 |

      at Object.<anonymous> (tests/unit/GestureProcessor.test.js:219:42)

  ● GestureProcessor › processGesture() › should clear pending gesture after processing

    expect(received).toBeNull()

    Received: {"action": "drag", "coordinates": {"x": 0.6, "y": 0.4}, "device": "mouse", "duration": 500, "dx": 0.2, "dy": 0.1, "id": "drag-456", "intensity": 0.8, "size": 0.15, "timestamp": 1764242896103, "velocity": 150}

      251 |       processor.processGesture(createTapGesture({ action: 'tap' }), true)
      252 |
    > 253 |       expect(processor.pendingGesture).toBeNull()
          |                                        ^
      254 |       jest.useRealTimers()
      255 |     })
      256 |

      at Object.<anonymous> (tests/unit/GestureProcessor.test.js:253:40)

  ● GestureProcessor › processClickGesture() › should generate frequencies in range 110Hz-1210Hz

    expect(received).toBeCloseTo(expected, precision)

    Expected: 110
    Received: 550

    Expected precision:    0
    Expected difference: < 0.5
    Received difference:   440

      376 |
      377 |         const frequency = mockAudioService.gestureSynth.triggerAttackRelease.mock.calls[0][0]
    > 378 |         expect(frequency).toBeCloseTo(expected, 0)
          |                           ^
      379 |
      380 |         mockAudioService.gestureSynth.triggerAttackRelease.mockClear()
      381 |       })

      at tests/unit/GestureProcessor.test.js:378:27
          at Array.forEach (<anonymous>)
      at Object.<anonymous> (tests/unit/GestureProcessor.test.js:371:17)

  ● GestureProcessor › processDragGesture() › should throttle drag phrases (500ms minimum)

    expect(jest.fn()).toHaveBeenCalled()

    Expected number of calls: >= 1
    Received number of calls:    0

      491 |
      492 |       processor.processDragGesture(gesture, sonicParams)
    > 493 |       expect(mockAudioService.gestureSynth.triggerAttackRelease).toHaveBeenCalled()
          |                                                                  ^
      494 |
      495 |       mockAudioService.gestureSynth.triggerAttackRelease.mockClear()
      496 |

      at Object.<anonymous> (tests/unit/GestureProcessor.test.js:493:66)

  ● GestureProcessor › processDragGesture() › should allow drag after throttle period

    expect(jest.fn()).toHaveBeenCalled()

    Expected number of calls: >= 1
    Received number of calls:    0

      511 |
      512 |       processor.processDragGesture(gesture, sonicParams)
    > 513 |       expect(mockAudioService.gestureSynth.triggerAttackRelease).toHaveBeenCalled()
          |                                                                  ^
      514 |     })
      515 |
      516 |     test('should calculate velocity from dx/dy if not provided', () => {

      at Object.<anonymous> (tests/unit/GestureProcessor.test.js:513:66)

  ● GestureProcessor › processDragGesture() › should calculate velocity from dx/dy if not provided

    expect(jest.fn()).toHaveBeenCalled()

    Expected number of calls: >= 1
    Received number of calls:    0

      524 |       // This should result in 2 notes (minimum)
      525 |       jest.runAllTimers()
    > 526 |       expect(mockAudioService.gestureSynth.triggerAttackRelease).toHaveBeenCalled()
          |                                                                  ^
      527 |     })
      528 |
      529 |     test('should generate 2-5 notes based on velocity', () => {

      at Object.<anonymous> (tests/unit/GestureProcessor.test.js:526:66)

  ● GestureProcessor › processDragGesture() › should generate 2-5 notes based on velocity

    expect(jest.fn()).toHaveBeenCalledTimes(expected)

    Expected number of calls: 2
    Received number of calls: 0

      542 |         jest.runAllTimers()
      543 |
    > 544 |         expect(mockAudioService.gestureSynth.triggerAttackRelease).toHaveBeenCalledTimes(expectedNotes)
          |                                                                    ^
      545 |
      546 |         mockAudioService.gestureSynth.triggerAttackRelease.mockClear()
      547 |         processor.lastDragPhraseTime = 0 // Reset throttle

      at tests/unit/GestureProcessor.test.js:544:68
          at Array.forEach (<anonymous>)
      at Object.<anonymous> (tests/unit/GestureProcessor.test.js:537:17)

  ● GestureProcessor › processDragGesture() › should generate 2 notes for low velocity (< 50)

    expect(jest.fn()).toHaveBeenCalledTimes(expected)

    Expected number of calls: 2
    Received number of calls: 0

      556 |       jest.runAllTimers()
      557 |
    > 558 |       expect(mockAudioService.gestureSynth.triggerAttackRelease).toHaveBeenCalledTimes(2)
          |                                                                  ^
      559 |     })
      560 |
      561 |     test('should generate 5 notes for high velocity (>= 125)', () => {

      at Object.<anonymous> (tests/unit/GestureProcessor.test.js:558:66)

  ● GestureProcessor › processDragGesture() › should generate 5 notes for high velocity (>= 125)

    expect(jest.fn()).toHaveBeenCalledTimes(expected)

    Expected number of calls: 5
    Received number of calls: 0

      566 |       jest.runAllTimers()
      567 |
    > 568 |       expect(mockAudioService.gestureSynth.triggerAttackRelease).toHaveBeenCalledTimes(5)
          |                                                                  ^
      569 |     })
      570 |
      571 |     test('should calculate base frequency from Y position', () => {

      at Object.<anonymous> (tests/unit/GestureProcessor.test.js:568:66)

  ● GestureProcessor › processDragGesture() › should create rhythmic spacing (180ms + random)

    expect(received).toHaveBeenCalledTimes(expected)

    Matcher error: received value must be a mock or spy function

    Received has type:  function
    Received has value: [Function setTimeout]

      596 |
      597 |       // Expected delays: 0ms, 210ms (180+30), 420ms, 630ms
    > 598 |       expect(setTimeout).toHaveBeenCalledTimes(4) // 4 notes for velocity 100
          |                          ^
      599 |
      600 |       mockRandom.mockRestore()
      601 |     })

      at Object.<anonymous> (tests/unit/GestureProcessor.test.js:598:26)

  ● GestureProcessor › processDragGesture() › should add frequency variation to each note

    expect(received).toBeGreaterThan(expected)

    Expected: > 1
    Received:   0

      613 |       // Each frequency should be different (random variation)
      614 |       const uniqueFrequencies = new Set(frequencies)
    > 615 |       expect(uniqueFrequencies.size).toBeGreaterThan(1)
          |                                      ^
      616 |     })
      617 |
      618 |     test('should use duration range 150-400ms', () => {

      at Object.<anonymous> (tests/unit/GestureProcessor.test.js:615:38)

  ● GestureProcessor › processDragGesture() › should schedule notes via setTimeout

    expect(received).toHaveBeenCalled()

    Matcher error: received value must be a mock or spy function

    Received has type:  function
    Received has value: [Function setTimeout]

      647 |       processor.processDragGesture(gesture, sonicParams)
      648 |
    > 649 |       expect(setTimeout).toHaveBeenCalled()
          |                          ^
      650 |     })
      651 |   })
      652 |

      at Object.<anonymous> (tests/unit/GestureProcessor.test.js:649:26)

  ● GestureProcessor › calculatePitchRange() › should handle Y = 0 (bottom, low notes)

    expect(received).toBe(expected) // Object.is equality

    Expected: 70
    Received: 55

      723 |
      724 |       // Y=0 -> normalizedY = 1 -> max values
    > 725 |       expect(range.min).toBe(70) // 40 + 1*30
          |                         ^
      726 |       expect(range.max).toBe(100) // 60 + 1*40
      727 |     })
      728 |

      at Object.<anonymous> (tests/unit/GestureProcessor.test.js:725:25)

  ● GestureProcessor › generateLocalMusicalPhrase() › should schedule notes with setTimeout

    expect(received).toHaveBeenCalled()

    Matcher error: received value must be a mock or spy function

    Received has type:  function
    Received has value: [Function setTimeout]

      856 |       processor.generateLocalMusicalPhrase(gesture, sonicParams)
      857 |
    > 858 |       expect(setTimeout).toHaveBeenCalled()
          |                          ^
      859 |     })
      860 |
      861 |     test('should play each note via audioService.playMusicalEvent', () => {

      at Object.<anonymous> (tests/unit/GestureProcessor.test.js:858:26)

  ● GestureProcessor › generateLocalMusicalPhrase() › should convert startTime from seconds to milliseconds

    TypeError: Cannot read properties of undefined (reading 'calls')

      900 |
      901 |       // Check that setTimeout was called with millisecond values
    > 902 |       const calls = setTimeout.mock.calls
          |                                     ^
      903 |       calls.forEach(call => {
      904 |         const delay = call[1]
      905 |         expect(delay).toBeGreaterThanOrEqual(0)

      at Object.<anonymous> (tests/unit/GestureProcessor.test.js:902:37)

  ● GestureProcessor › createLocalPhrase() › should set velocity in range 60-80

    expect(received).toBeGreaterThanOrEqual(expected)

    Expected: >= 60
    Received:    50

      1028 |
      1029 |       phrase.forEach(note => {
    > 1030 |         expect(note.velocity).toBeGreaterThanOrEqual(60)
           |                               ^
      1031 |         expect(note.velocity).toBeLessThanOrEqual(80)
      1032 |       })
      1033 |     })

      at tests/unit/GestureProcessor.test.js:1030:31
          at Array.forEach (<anonymous>)
      at Object.<anonymous> (tests/unit/GestureProcessor.test.js:1029:14)

  ● GestureProcessor › Integration › should send gestures via SocketService

    expect(jest.fn()).toHaveBeenCalledWith(...expected)

    - Expected
    + Received

    @@ -5,8 +5,12 @@
        },
        "device": "mouse",
        "duration": 100,
        "id": "tap-123",
        "intensity": 0.7,
    +   "position": Object {
    +     "x": 0.5,
    +     "y": 0.5,
    +   },
        "size": 0.02,
        "timestamp": 1764242896269,
      },

    Number of calls: 1

      1116 |       processor.processGesture(gesture, true)
      1117 |
    > 1118 |       expect(mockSocketService.sendGesture).toHaveBeenCalledWith(gesture)
           |                                             ^
      1119 |     })
      1120 |
      1121 |     test('should call drawGestureTrailCallback when audio not started', () => {

      at Object.<anonymous> (tests/unit/GestureProcessor.test.js:1118:45)

  ● GestureProcessor › Integration › should handle rapid drag sequences with throttling

    expect(received).toBeGreaterThan(expected)

    Expected: > 0
    Received:   0

      1152 |
      1153 |       // Only first drag should play (others throttled)
    > 1154 |       expect(mockAudioService.gestureSynth.triggerAttackRelease.mock.calls.length).toBeGreaterThan(0)
           |                                                                                    ^
      1155 |
      1156 |       jest.useRealTimers()
      1157 |     })

      at Object.<anonymous> (tests/unit/GestureProcessor.test.js:1154:84)

  ● GestureProcessor › Edge Cases › should handle very high velocity (> 1000)

    expect(jest.fn()).toHaveBeenCalledTimes(expected)

    Expected number of calls: 5
    Received number of calls: 0

      1238 |
      1239 |       // Should still cap at 5 notes
    > 1240 |       expect(mockAudioService.gestureSynth.triggerAttackRelease).toHaveBeenCalledTimes(5)
           |                                                                  ^
      1241 |
      1242 |       jest.useRealTimers()
      1243 |     })

      at Object.<anonymous> (tests/unit/GestureProcessor.test.js:1240:66)

  ● GestureProcessor › Edge Cases › should handle timer race conditions

    expect(received).toBe(expected) // Object.is equality

    Expected: {"action": "drag", "coordinates": {"x": 0.6, "y": 0.4}, "device": "mouse", "duration": 500, "dx": 0.2, "dy": 0.1, "id": "drag-2", "intensity": 0.8, "size": 0.15, "timestamp": 1764242896347, "velocity": 150}
    Received: undefined

      1251 |       processor.processGesture(drag2, true)
      1252 |
    > 1253 |       expect(processor.pendingGesture).toBe(drag2)
           |                                        ^
      1254 |       expect(processor.gestureTimer).not.toBeNull()
      1255 |
      1256 |       jest.useRealTimers()

      at Object.<anonymous> (tests/unit/GestureProcessor.test.js:1253:40)

  ● GestureProcessor › Edge Cases › should handle multiple pending gestures

    expect(received).not.toBe(expected) // Object.is equality

    Expected: not undefined

      1265 |       processor.processGesture(createDragGesture({ id: 'drag-2', action: 'drag' }), true)
      1266 |
    > 1267 |       expect(processor.pendingGesture).not.toBe(firstPending)
           |                                            ^
      1268 |
      1269 |       jest.useRealTimers()
      1270 |     })

      at Object.<anonymous> (tests/unit/GestureProcessor.test.js:1267:44)

Test Suites: 1 failed, 1 total
Tests:       26 failed, 76 passed, 102 total
Snapshots:   0 total
Time:        1.114 s, estimated 4 s
Ran all test suites matching /tests\/unit\/GestureProcessor.test.js/i.
